// Jest Snapshot v1, https://goo.gl/fbAQLP

exports[`header link should match the snapshot 1`] = `
ShallowWrapper {
  Symbol(enzyme.__root__): [Circular],
  Symbol(enzyme.__unrendered__): <HeaderLink
    cb={[Function]}
    text="a"
  />,
  Symbol(enzyme.__renderer__): Object {
    "batchedUpdates": [Function],
    "getNode": [Function],
    "render": [Function],
    "simulateError": [Function],
    "simulateEvent": [Function],
    "unmount": [Function],
  },
  Symbol(enzyme.__node__): Object {
    "instance": null,
    "key": undefined,
    "nodeType": "host",
    "props": Object {
      "children": "a",
      "onClick": [Function],
      "onMouseLeave": [Function],
      "onMouseOver": [Function],
      "style": Object {
        "cursor": "pointer",
        "flexGrow": 0.5,
      },
    },
    "ref": null,
    "rendered": "a",
    "type": "h3",
  },
  Symbol(enzyme.__nodes__): Array [
    Object {
      "instance": null,
      "key": undefined,
      "nodeType": "host",
      "props": Object {
        "children": "a",
        "onClick": [Function],
        "onMouseLeave": [Function],
        "onMouseOver": [Function],
        "style": Object {
          "cursor": "pointer",
          "flexGrow": 0.5,
        },
      },
      "ref": null,
      "rendered": "a",
      "type": "h3",
    },
  ],
  Symbol(enzyme.__options__): Object {
    "adapter": ReactSixteenAdapter {
      "options": Object {
        "enableComponentDidUpdateOnSetState": true,
        "lifecycles": Object {
          "componentDidUpdate": Object {
            "onSetState": true,
          },
          "getDerivedStateFromProps": true,
          "getSnapshotBeforeUpdate": true,
          "setState": Object {
            "skipsComponentDidUpdateOnNullish": true,
          },
        },
      },
    },
  },
}
`;
