// Jest Snapshot v1, https://goo.gl/fbAQLP

exports[`header should match the snapshot 1`] = `
ShallowWrapper {
  Symbol(enzyme.__root__): [Circular],
  Symbol(enzyme.__unrendered__): <Header
    about={[Function]}
    contact={[Function]}
    portfolio={[Function]}
    toggle={[Function]}
    type="reg"
    view="about"
  />,
  Symbol(enzyme.__renderer__): Object {
    "batchedUpdates": [Function],
    "getNode": [Function],
    "render": [Function],
    "simulateError": [Function],
    "simulateEvent": [Function],
    "unmount": [Function],
  },
  Symbol(enzyme.__node__): Object {
    "instance": null,
    "key": undefined,
    "nodeType": "host",
    "props": Object {
      "children": Array [
        <h2
          style={
            Object {
              "flex": 1,
            }
          }
        >
          Tim Snow.
        </h2>,
        <Connect(Hamburger) />,
      ],
      "style": Object {
        "alignItems": "center",
        "backgroundColor": "#007",
        "color": "#FFF",
        "display": "flex",
        "height": "50px",
        "left": 0,
        "marginBottom": "20px",
        "padding": "0px",
        "top": 0,
        "width": "100%",
      },
    },
    "ref": null,
    "rendered": Array [
      Object {
        "instance": null,
        "key": undefined,
        "nodeType": "host",
        "props": Object {
          "children": "Tim Snow.",
          "style": Object {
            "flex": 1,
          },
        },
        "ref": null,
        "rendered": "Tim Snow.",
        "type": "h2",
      },
      Object {
        "instance": null,
        "key": undefined,
        "nodeType": "class",
        "props": Object {},
        "ref": null,
        "rendered": null,
        "type": [Function],
      },
    ],
    "type": "header",
  },
  Symbol(enzyme.__nodes__): Array [
    Object {
      "instance": null,
      "key": undefined,
      "nodeType": "host",
      "props": Object {
        "children": Array [
          <h2
            style={
              Object {
                "flex": 1,
              }
            }
          >
            Tim Snow.
          </h2>,
          <Connect(Hamburger) />,
        ],
        "style": Object {
          "alignItems": "center",
          "backgroundColor": "#007",
          "color": "#FFF",
          "display": "flex",
          "height": "50px",
          "left": 0,
          "marginBottom": "20px",
          "padding": "0px",
          "top": 0,
          "width": "100%",
        },
      },
      "ref": null,
      "rendered": Array [
        Object {
          "instance": null,
          "key": undefined,
          "nodeType": "host",
          "props": Object {
            "children": "Tim Snow.",
            "style": Object {
              "flex": 1,
            },
          },
          "ref": null,
          "rendered": "Tim Snow.",
          "type": "h2",
        },
        Object {
          "instance": null,
          "key": undefined,
          "nodeType": "class",
          "props": Object {},
          "ref": null,
          "rendered": null,
          "type": [Function],
        },
      ],
      "type": "header",
    },
  ],
  Symbol(enzyme.__options__): Object {
    "adapter": ReactSixteenAdapter {
      "options": Object {
        "enableComponentDidUpdateOnSetState": true,
        "lifecycles": Object {
          "componentDidUpdate": Object {
            "onSetState": true,
          },
          "getDerivedStateFromProps": true,
          "getSnapshotBeforeUpdate": true,
          "setState": Object {
            "skipsComponentDidUpdateOnNullish": true,
          },
        },
      },
    },
  },
}
`;
