// Jest Snapshot v1, https://goo.gl/fbAQLP

exports[`portfolio should match the snapshot 1`] = `
ShallowWrapper {
  Symbol(enzyme.__root__): [Circular],
  Symbol(enzyme.__unrendered__): <Portfolio />,
  Symbol(enzyme.__renderer__): Object {
    "batchedUpdates": [Function],
    "getNode": [Function],
    "render": [Function],
    "simulateError": [Function],
    "simulateEvent": [Function],
    "unmount": [Function],
  },
  Symbol(enzyme.__node__): Object {
    "instance": null,
    "key": undefined,
    "nodeType": "host",
    "props": Object {
      "children": Array [
        <p>
          Digital Signal Analysis Influencing a 3D Scene
        </p>,
        <p>
          JavaScript implementation of Conway's Game of Life
        </p>,
        <p>
          Local Multiplayer Unity Game
        </p>,
        <p>
          3D 'Sumo' Game
        </p>,
        <p>
          Plain Sailing Android Application
        </p>,
        <p>
          Java Fair TCP Server & Client
        </p>,
      ],
    },
    "ref": null,
    "rendered": Array [
      Object {
        "instance": null,
        "key": undefined,
        "nodeType": "host",
        "props": Object {
          "children": "Digital Signal Analysis Influencing a 3D Scene",
        },
        "ref": null,
        "rendered": "Digital Signal Analysis Influencing a 3D Scene",
        "type": "p",
      },
      Object {
        "instance": null,
        "key": undefined,
        "nodeType": "host",
        "props": Object {
          "children": "JavaScript implementation of Conway's Game of Life",
        },
        "ref": null,
        "rendered": "JavaScript implementation of Conway's Game of Life",
        "type": "p",
      },
      Object {
        "instance": null,
        "key": undefined,
        "nodeType": "host",
        "props": Object {
          "children": "Local Multiplayer Unity Game",
        },
        "ref": null,
        "rendered": "Local Multiplayer Unity Game",
        "type": "p",
      },
      Object {
        "instance": null,
        "key": undefined,
        "nodeType": "host",
        "props": Object {
          "children": "3D 'Sumo' Game",
        },
        "ref": null,
        "rendered": "3D 'Sumo' Game",
        "type": "p",
      },
      Object {
        "instance": null,
        "key": undefined,
        "nodeType": "host",
        "props": Object {
          "children": "Plain Sailing Android Application",
        },
        "ref": null,
        "rendered": "Plain Sailing Android Application",
        "type": "p",
      },
      Object {
        "instance": null,
        "key": undefined,
        "nodeType": "host",
        "props": Object {
          "children": "Java Fair TCP Server & Client",
        },
        "ref": null,
        "rendered": "Java Fair TCP Server & Client",
        "type": "p",
      },
    ],
    "type": "div",
  },
  Symbol(enzyme.__nodes__): Array [
    Object {
      "instance": null,
      "key": undefined,
      "nodeType": "host",
      "props": Object {
        "children": Array [
          <p>
            Digital Signal Analysis Influencing a 3D Scene
          </p>,
          <p>
            JavaScript implementation of Conway's Game of Life
          </p>,
          <p>
            Local Multiplayer Unity Game
          </p>,
          <p>
            3D 'Sumo' Game
          </p>,
          <p>
            Plain Sailing Android Application
          </p>,
          <p>
            Java Fair TCP Server & Client
          </p>,
        ],
      },
      "ref": null,
      "rendered": Array [
        Object {
          "instance": null,
          "key": undefined,
          "nodeType": "host",
          "props": Object {
            "children": "Digital Signal Analysis Influencing a 3D Scene",
          },
          "ref": null,
          "rendered": "Digital Signal Analysis Influencing a 3D Scene",
          "type": "p",
        },
        Object {
          "instance": null,
          "key": undefined,
          "nodeType": "host",
          "props": Object {
            "children": "JavaScript implementation of Conway's Game of Life",
          },
          "ref": null,
          "rendered": "JavaScript implementation of Conway's Game of Life",
          "type": "p",
        },
        Object {
          "instance": null,
          "key": undefined,
          "nodeType": "host",
          "props": Object {
            "children": "Local Multiplayer Unity Game",
          },
          "ref": null,
          "rendered": "Local Multiplayer Unity Game",
          "type": "p",
        },
        Object {
          "instance": null,
          "key": undefined,
          "nodeType": "host",
          "props": Object {
            "children": "3D 'Sumo' Game",
          },
          "ref": null,
          "rendered": "3D 'Sumo' Game",
          "type": "p",
        },
        Object {
          "instance": null,
          "key": undefined,
          "nodeType": "host",
          "props": Object {
            "children": "Plain Sailing Android Application",
          },
          "ref": null,
          "rendered": "Plain Sailing Android Application",
          "type": "p",
        },
        Object {
          "instance": null,
          "key": undefined,
          "nodeType": "host",
          "props": Object {
            "children": "Java Fair TCP Server & Client",
          },
          "ref": null,
          "rendered": "Java Fair TCP Server & Client",
          "type": "p",
        },
      ],
      "type": "div",
    },
  ],
  Symbol(enzyme.__options__): Object {
    "adapter": ReactSixteenAdapter {
      "options": Object {
        "enableComponentDidUpdateOnSetState": true,
        "lifecycles": Object {
          "componentDidUpdate": Object {
            "onSetState": true,
          },
          "getDerivedStateFromProps": true,
          "getSnapshotBeforeUpdate": true,
          "setState": Object {
            "skipsComponentDidUpdateOnNullish": true,
          },
        },
      },
    },
  },
}
`;
